Wrong gramtags in հետը: ""
Wrong gramtags in սիթի: ""
No paradigm named V22d
No paradigm named V22d
No paradigm named N11+N11
No paradigm named N11+N11
No paradigm named N11+N11
No paradigm named N11+N11
No paradigm named V13a
No paradigm named V13a
No paradigm named V33
No paradigm named V33
No paradigm named N93
No paradigm named N93
No paradigm named P31b
No paradigm named P31b
Incorrect stem number: lexeme դուք, inflexion <5>.
Wrong paradigm name: V33
Incorrect stem number: lexeme մենք, inflexion <5>.
Incorrect stem number: lexeme մենք, inflexion <5>.
Wrong paradigm name: P31b
Wrong paradigm name: P31b
Wrong paradigm name: V22d
Incorrect stem number: lexeme դուք, inflexion <5>.
Incorrect stem number: lexeme դուք, inflexion <5>.
Incorrect stem number: lexeme դուք, inflexion <5>.
Incorrect stem number: lexeme մենք, inflexion <5>.
Incorrect stem number: lexeme մենք, inflexion <5>.
Wrong paradigm name: P31b
Wrong paradigm name: P31b
Wrong paradigm name: P31b
Wrong paradigm name: P31b
Wrong paradigm name: P31b
Wrong paradigm name: P31b
